[backblue.gif]
[fade.gif]
[index.html]
[jaykakadiya.com.s3-website-us-east-1.amazonaws.com/img/user-photo.jpg]
[jaykakadiya.com.s3-website-us-east-1.amazonaws.com/img/home-bg.jpg]
[jaykakadiya.com.s3-website-us-east-1.amazonaws.com/img/testimonials/Angela_choe.jpg]
[jaykakadiya.com.s3-website-us-east-1.amazonaws.com/img/certificate/Python.png]
[udemy-certificate.s3.amazonaws.com/image/UC-VFASMTA7.jpg]
[jaykakadiya.com.s3-website-us-east-1.amazonaws.com/img/certificate/frontend.jpg]
[udemy-certificate.s3.amazonaws.com/image/UC-L4XUZEIQ.jpg]
[jaykakadiya.com.s3-website-us-east-1.amazonaws.com/img/certificate/aws.png]
[udemy-certificate.s3.amazonaws.com/image/UC-RJCXZTZK.jpg]
[jaykakadiya.com.s3-website-us-east-1.amazonaws.com/img/portfolio/img-1.jpg]
[jaykakadiya.com.s3-website-us-east-1.amazonaws.com/img/portfolio/img-2.jpg]
[jaykakadiya.com.s3-website-us-east-1.amazonaws.com/img/portfolio/img-3.jpg]
[jaykakadiya.com.s3-website-us-east-1.amazonaws.com/img/portfolio/img-4.jpg]
[jaykakadiya.com.s3-website-us-east-1.amazonaws.com/img/portfolio/img-5.jpg]
[jaykakadiya.com.s3-website-us-east-1.amazonaws.com/img/portfolio/img-6.jpg]
[jaykakadiya.com.s3-website-us-east-1.amazonaws.com/img/portfolio/img-7.jpg]
[jaykakadiya.com.s3-website-us-east-1.amazonaws.com/img/portfolio/img-8.jpg]
[jaykakadiya.com.s3-website-us-east-1.amazonaws.com/img/portfolio/img-9.jpg]
[jaykakadiya.com.s3-website-us-east-1.amazonaws.com/img/blog/img-1.jpg]
[jaykakadiya.com.s3-website-us-east-1.amazonaws.com/img/blog/img-2.jpg]
[jaykakadiya.com.s3-website-us-east-1.amazonaws.com/img/blog/img-3.jpg]
[jaykakadiya.com.s3-website-us-east-1.amazonaws.com/img/blog/img-4.jpg]
[jaykakadiya.com.s3-website-us-east-1.amazonaws.com/img/blog/img-5.jpg]
[jaykakadiya.com.s3-website-us-east-1.amazonaws.com/img/blog/img-6.jpg]
[jaykakadiya.com.s3-website-us-east-1.amazonaws.com/js/jquery.min.js]
[jaykakadiya.com.s3-website-us-east-1.amazonaws.com/js/isotope.pkgd.min.js]
[jaykakadiya.com.s3-website-us-east-1.amazonaws.com/js/bootstrap.min.js]
[jaykakadiya.com.s3-website-us-east-1.amazonaws.com/js/simplebar.js]
[jaykakadiya.com.s3-website-us-east-1.amazonaws.com/js/owl.carousel.min.js]
[jaykakadiya.com.s3-website-us-east-1.amazonaws.com/js/jquery.magnific-popup.min.js]
[jaykakadiya.com.s3-website-us-east-1.amazonaws.com/js/jquery.animatedheadline.min.js]
[jaykakadiya.com.s3-website-us-east-1.amazonaws.com/js/jquery.easypiechart.js]
[jaykakadiya.com.s3-website-us-east-1.amazonaws.com/js/jquery.validation.js]
[jaykakadiya.com.s3-website-us-east-1.amazonaws.com/js/tilt.js]
[jaykakadiya.com.s3-website-us-east-1.amazonaws.com/js/main.js]
[jaykakadiya.com.s3-website-us-east-1.amazonaws.com/js/main-demo.js]
[jaykakadiya.com.s3-website-us-east-1.amazonaws.com/js/particles.min.js]
[jaykakadiya.com.s3-website-us-east-1.amazonaws.com/index.html]
[jaykakadiya.com.s3-website-us-east-1.amazonaws.com/css/plugins/bootstrap.min.css]
[jaykakadiya.com.s3-website-us-east-1.amazonaws.com/fonts/fa-brands-400.eot]
[jaykakadiya.com.s3-website-us-east-1.amazonaws.com/fonts/fa-brands-400d41dd41d.eot]
[jaykakadiya.com.s3-website-us-east-1.amazonaws.com/fonts/fa-brands-400.woff2]
[jaykakadiya.com.s3-website-us-east-1.amazonaws.com/fonts/fa-brands-400.woff]
[jaykakadiya.com.s3-website-us-east-1.amazonaws.com/fonts/fa-brands-400.ttf]
[jaykakadiya.com.s3-website-us-east-1.amazonaws.com/fonts/fa-regular-400.eot]
[jaykakadiya.com.s3-website-us-east-1.amazonaws.com/fonts/fa-regular-400d41dd41d.eot]
[jaykakadiya.com.s3-website-us-east-1.amazonaws.com/fonts/fa-regular-400.woff2]
[jaykakadiya.com.s3-website-us-east-1.amazonaws.com/fonts/fa-regular-400.woff]
[jaykakadiya.com.s3-website-us-east-1.amazonaws.com/fonts/fa-regular-400.ttf]
[jaykakadiya.com.s3-website-us-east-1.amazonaws.com/fonts/fa-solid-900.eot]
[jaykakadiya.com.s3-website-us-east-1.amazonaws.com/fonts/fa-solid-900d41dd41d.eot]
[jaykakadiya.com.s3-website-us-east-1.amazonaws.com/fonts/fa-solid-900.woff2]
[jaykakadiya.com.s3-website-us-east-1.amazonaws.com/fonts/fa-solid-900.woff]
[jaykakadiya.com.s3-website-us-east-1.amazonaws.com/fonts/fa-solid-900.ttf]
[jaykakadiya.com.s3-website-us-east-1.amazonaws.com/css/plugins/font-awesome.css]
[jaykakadiya.com.s3-website-us-east-1.amazonaws.com/css/plugins/magnific-popup.css]
[jaykakadiya.com.s3-website-us-east-1.amazonaws.com/css/plugins/simplebar.css]
[jaykakadiya.com.s3-website-us-east-1.amazonaws.com/css/plugins/owl.carousel.min.css]
[jaykakadiya.com.s3-website-us-east-1.amazonaws.com/css/plugins/owl.theme.default.min.css]
[jaykakadiya.com.s3-website-us-east-1.amazonaws.com/css/plugins/jquery.animatedheadline.css]
[jaykakadiya.com.s3-website-us-east-1.amazonaws.com/img/slider/slide-1.jpg]
[jaykakadiya.com.s3-website-us-east-1.amazonaws.com/img/slider/slide-2.jpg]
[jaykakadiya.com.s3-website-us-east-1.amazonaws.com/img/slider/slide-3.jpg]
[jaykakadiya.com.s3-website-us-east-1.amazonaws.com/css/style-dark.css]
[jaykakadiya.com.s3-website-us-east-1.amazonaws.com/css/style-demo.css]
[jaykakadiya.com.s3-website-us-east-1.amazonaws.com/css/settings/left-nav.css]
[jaykakadiya.com.s3-website-us-east-1.amazonaws.com/css/settings/green-color.css]
[jaykakadiya.com.s3-website-us-east-1.amazonaws.com/single-blog.html]
[jaykakadiya.com.s3-website-us-east-1.amazonaws.com/fonts/fa-brands-400.svg]
[jaykakadiya.com.s3-website-us-east-1.amazonaws.com/fonts/fa-regular-400.svg]
[jaykakadiya.com.s3-website-us-east-1.amazonaws.com/fonts/fa-solid-900.svg]
[jaykakadiya.com.s3-website-us-east-1.amazonaws.com/css/plugins/owl.video.play.html]
